// Vitest Snapshot v1

exports[`Counter.vue > should render 1`] = `"<div>10 <button class=\\"inc\\"> + </button><button class=\\"dec\\"> - </button></div>"`;

exports[`card.vue > should render 1`] = `
"<div class=\\"c-card\\">
  <div class=\\"box\\">
    <div class=\\"logo\\"><img src=\\"https://cdn.cloudflare.steamstatic.com/apps/dota2/images/dota_react/teams_override/15.png\\"></div>
    <div class=\\"name\\">PSG.LGD</div>
    <div class=\\"total-points\\">1000</div>
  </div>
  <div class=\\"expand show\\" style=\\"height: 48px;\\">
    <div class=\\"league\\">
      <div class=\\"time\\">Tue Jan 20 1970</div>
      <div class=\\"img\\" style=\\"background-image: url(https://cdn.cloudflare.steamstatic.com/apps/dota2/images/leagues/13716/images/image_8.png);\\"></div>
      <div class=\\"standing\\">1</div>
      <div class=\\"name\\">xxx</div>
      <div class=\\"points\\">300</div>
    </div>
  </div>
</div>"
`;
